------------------------------------------------------------
Timing Analyzer Summary
------------------------------------------------------------

Type  : Slow 1200mV 85C Model Setup 'CLOCK_50'
Slack : -4.093
TNS   : -64.711

Type  : Slow 1200mV 85C Model Setup 'ClkDividerN:clk_div|clkOut'
Slack : 0.094
TNS   : 0.000

Type  : Slow 1200mV 85C Model Hold 'ClkDividerN:clk_div|clkOut'
Slack : 0.431
TNS   : 0.000

Type  : Slow 1200mV 85C Model Hold 'CLOCK_50'
Slack : 0.642
TNS   : 0.000

Type  : Slow 1200mV 85C Model Minimum Pulse Width 'CLOCK_50'
Slack : -3.000
TNS   : -44.120

Type  : Slow 1200mV 85C Model Minimum Pulse Width 'ClkDividerN:clk_div|clkOut'
Slack : -1.285
TNS   : -12.850

Type  : Slow 1200mV 0C Model Setup 'CLOCK_50'
Slack : -3.753
TNS   : -55.438

Type  : Slow 1200mV 0C Model Setup 'ClkDividerN:clk_div|clkOut'
Slack : 0.185
TNS   : 0.000

Type  : Slow 1200mV 0C Model Hold 'ClkDividerN:clk_div|clkOut'
Slack : 0.397
TNS   : 0.000

Type  : Slow 1200mV 0C Model Hold 'CLOCK_50'
Slack : 0.586
TNS   : 0.000

Type  : Slow 1200mV 0C Model Minimum Pulse Width 'CLOCK_50'
Slack : -3.000
TNS   : -44.120

Type  : Slow 1200mV 0C Model Minimum Pulse Width 'ClkDividerN:clk_div|clkOut'
Slack : -1.285
TNS   : -12.850

Type  : Fast 1200mV 0C Model Setup 'CLOCK_50'
Slack : -1.603
TNS   : -16.688

Type  : Fast 1200mV 0C Model Setup 'ClkDividerN:clk_div|clkOut'
Slack : 0.555
TNS   : 0.000

Type  : Fast 1200mV 0C Model Hold 'ClkDividerN:clk_div|clkOut'
Slack : 0.190
TNS   : 0.000

Type  : Fast 1200mV 0C Model Hold 'CLOCK_50'
Slack : 0.292
TNS   : 0.000

Type  : Fast 1200mV 0C Model Minimum Pulse Width 'CLOCK_50'
Slack : -3.000
TNS   : -36.932

Type  : Fast 1200mV 0C Model Minimum Pulse Width 'ClkDividerN:clk_div|clkOut'
Slack : -1.000
TNS   : -10.000

------------------------------------------------------------
