------------------------------------------------------------
Timing Analyzer Summary
------------------------------------------------------------

Type  : Slow 1200mV 85C Model Setup 'ClkDividerN:clk_divider_50|clkOut'
Slack : -27.047
TNS   : -1003.153

Type  : Slow 1200mV 85C Model Setup 'CLOCK_50'
Slack : -1.413
TNS   : -7.726

Type  : Slow 1200mV 85C Model Hold 'ClkDividerN:clk_divider_50|clkOut'
Slack : 0.388
TNS   : 0.000

Type  : Slow 1200mV 85C Model Hold 'CLOCK_50'
Slack : 0.416
TNS   : 0.000

Type  : Slow 1200mV 85C Model Minimum Pulse Width 'CLOCK_50'
Slack : -3.000
TNS   : -11.995

Type  : Slow 1200mV 85C Model Minimum Pulse Width 'ClkDividerN:clk_divider_50|clkOut'
Slack : -1.285
TNS   : -146.490

Type  : Slow 1200mV 0C Model Setup 'ClkDividerN:clk_divider_50|clkOut'
Slack : -24.314
TNS   : -897.749

Type  : Slow 1200mV 0C Model Setup 'CLOCK_50'
Slack : -1.222
TNS   : -6.544

Type  : Slow 1200mV 0C Model Hold 'ClkDividerN:clk_divider_50|clkOut'
Slack : 0.340
TNS   : 0.000

Type  : Slow 1200mV 0C Model Hold 'CLOCK_50'
Slack : 0.376
TNS   : 0.000

Type  : Slow 1200mV 0C Model Minimum Pulse Width 'CLOCK_50'
Slack : -3.000
TNS   : -11.995

Type  : Slow 1200mV 0C Model Minimum Pulse Width 'ClkDividerN:clk_divider_50|clkOut'
Slack : -1.285
TNS   : -146.490

Type  : Fast 1200mV 0C Model Setup 'ClkDividerN:clk_divider_50|clkOut'
Slack : -12.910
TNS   : -439.279

Type  : Fast 1200mV 0C Model Setup 'CLOCK_50'
Slack : -0.141
TNS   : -0.423

Type  : Fast 1200mV 0C Model Hold 'ClkDividerN:clk_divider_50|clkOut'
Slack : 0.175
TNS   : 0.000

Type  : Fast 1200mV 0C Model Hold 'CLOCK_50'
Slack : 0.187
TNS   : 0.000

Type  : Fast 1200mV 0C Model Minimum Pulse Width 'CLOCK_50'
Slack : -3.000
TNS   : -10.486

Type  : Fast 1200mV 0C Model Minimum Pulse Width 'ClkDividerN:clk_divider_50|clkOut'
Slack : -1.000
TNS   : -114.000

------------------------------------------------------------
