------------------------------------------------------------
Timing Analyzer Summary
------------------------------------------------------------

Type  : Slow 1200mV 85C Model Setup 'CLOCK_50'
Slack : -4.323
TNS   : -66.983

Type  : Slow 1200mV 85C Model Setup 'ClkDividerN:inst2|clkOut'
Slack : -0.562
TNS   : -1.725

Type  : Slow 1200mV 85C Model Hold 'ClkDividerN:inst2|clkOut'
Slack : 0.404
TNS   : 0.000

Type  : Slow 1200mV 85C Model Hold 'CLOCK_50'
Slack : 0.641
TNS   : 0.000

Type  : Slow 1200mV 85C Model Minimum Pulse Width 'CLOCK_50'
Slack : -3.000
TNS   : -44.120

Type  : Slow 1200mV 85C Model Minimum Pulse Width 'KEY[0]'
Slack : -3.000
TNS   : -11.079

Type  : Slow 1200mV 85C Model Minimum Pulse Width 'ClkDividerN:inst2|clkOut'
Slack : -2.693
TNS   : -7.833

Type  : Slow 1200mV 0C Model Setup 'CLOCK_50'
Slack : -3.916
TNS   : -56.834

Type  : Slow 1200mV 0C Model Setup 'ClkDividerN:inst2|clkOut'
Slack : -0.443
TNS   : -1.209

Type  : Slow 1200mV 0C Model Hold 'ClkDividerN:inst2|clkOut'
Slack : 0.356
TNS   : 0.000

Type  : Slow 1200mV 0C Model Hold 'CLOCK_50'
Slack : 0.586
TNS   : 0.000

Type  : Slow 1200mV 0C Model Minimum Pulse Width 'CLOCK_50'
Slack : -3.000
TNS   : -44.120

Type  : Slow 1200mV 0C Model Minimum Pulse Width 'KEY[0]'
Slack : -3.000
TNS   : -10.947

Type  : Slow 1200mV 0C Model Minimum Pulse Width 'ClkDividerN:inst2|clkOut'
Slack : -2.649
TNS   : -7.789

Type  : Fast 1200mV 0C Model Setup 'CLOCK_50'
Slack : -1.656
TNS   : -18.380

Type  : Fast 1200mV 0C Model Setup 'ClkDividerN:inst2|clkOut'
Slack : 0.210
TNS   : 0.000

Type  : Fast 1200mV 0C Model Hold 'ClkDividerN:inst2|clkOut'
Slack : 0.183
TNS   : 0.000

Type  : Fast 1200mV 0C Model Hold 'CLOCK_50'
Slack : 0.292
TNS   : 0.000

Type  : Fast 1200mV 0C Model Minimum Pulse Width 'CLOCK_50'
Slack : -3.000
TNS   : -36.944

Type  : Fast 1200mV 0C Model Minimum Pulse Width 'KEY[0]'
Slack : -3.000
TNS   : -6.643

Type  : Fast 1200mV 0C Model Minimum Pulse Width 'ClkDividerN:inst2|clkOut'
Slack : -1.000
TNS   : -5.000

------------------------------------------------------------
