------------------------------------------------------------
Timing Analyzer Summary
------------------------------------------------------------

Type  : Slow 1200mV 85C Model Setup 'KEY[1]'
Slack : -1.097
TNS   : -3.794

Type  : Slow 1200mV 85C Model Setup 'KEY[0]'
Slack : -0.794
TNS   : -2.242

Type  : Slow 1200mV 85C Model Hold 'KEY[1]'
Slack : 0.440
TNS   : 0.000

Type  : Slow 1200mV 85C Model Hold 'KEY[0]'
Slack : 0.445
TNS   : 0.000

Type  : Slow 1200mV 85C Model Minimum Pulse Width 'KEY[0]'
Slack : -3.000
TNS   : -8.140

Type  : Slow 1200mV 85C Model Minimum Pulse Width 'KEY[1]'
Slack : -3.000
TNS   : -8.140

Type  : Slow 1200mV 0C Model Setup 'KEY[1]'
Slack : -0.919
TNS   : -3.117

Type  : Slow 1200mV 0C Model Setup 'KEY[0]'
Slack : -0.616
TNS   : -1.715

Type  : Slow 1200mV 0C Model Hold 'KEY[1]'
Slack : 0.387
TNS   : 0.000

Type  : Slow 1200mV 0C Model Hold 'KEY[0]'
Slack : 0.398
TNS   : 0.000

Type  : Slow 1200mV 0C Model Minimum Pulse Width 'KEY[0]'
Slack : -3.000
TNS   : -8.140

Type  : Slow 1200mV 0C Model Minimum Pulse Width 'KEY[1]'
Slack : -3.000
TNS   : -8.140

Type  : Fast 1200mV 0C Model Setup 'KEY[1]'
Slack : 0.013
TNS   : 0.000

Type  : Fast 1200mV 0C Model Setup 'KEY[0]'
Slack : 0.142
TNS   : 0.000

Type  : Fast 1200mV 0C Model Hold 'KEY[1]'
Slack : 0.201
TNS   : 0.000

Type  : Fast 1200mV 0C Model Hold 'KEY[0]'
Slack : 0.208
TNS   : 0.000

Type  : Fast 1200mV 0C Model Minimum Pulse Width 'KEY[1]'
Slack : -3.000
TNS   : -7.346

Type  : Fast 1200mV 0C Model Minimum Pulse Width 'KEY[0]'
Slack : -3.000
TNS   : -7.332

------------------------------------------------------------
