------------------------------------------------------------
Timing Analyzer Summary
------------------------------------------------------------

Type  : Slow 1200mV 85C Model Setup 'CLOCK_50'
Slack : -4.215
TNS   : -65.837

Type  : Slow 1200mV 85C Model Setup 'ClkDividerN:clk_div_1hz|clkOut'
Slack : -2.400
TNS   : -31.486

Type  : Slow 1200mV 85C Model Hold 'ClkDividerN:clk_div_1hz|clkOut'
Slack : 0.405
TNS   : 0.000

Type  : Slow 1200mV 85C Model Hold 'CLOCK_50'
Slack : 0.642
TNS   : 0.000

Type  : Slow 1200mV 85C Model Minimum Pulse Width 'CLOCK_50'
Slack : -3.000
TNS   : -44.120

Type  : Slow 1200mV 85C Model Minimum Pulse Width 'ClkDividerN:clk_div_1hz|clkOut'
Slack : -1.285
TNS   : -24.415

Type  : Slow 1200mV 0C Model Setup 'CLOCK_50'
Slack : -3.825
TNS   : -56.278

Type  : Slow 1200mV 0C Model Setup 'ClkDividerN:clk_div_1hz|clkOut'
Slack : -2.044
TNS   : -26.809

Type  : Slow 1200mV 0C Model Hold 'ClkDividerN:clk_div_1hz|clkOut'
Slack : 0.355
TNS   : 0.000

Type  : Slow 1200mV 0C Model Hold 'CLOCK_50'
Slack : 0.587
TNS   : 0.000

Type  : Slow 1200mV 0C Model Minimum Pulse Width 'CLOCK_50'
Slack : -3.000
TNS   : -44.120

Type  : Slow 1200mV 0C Model Minimum Pulse Width 'ClkDividerN:clk_div_1hz|clkOut'
Slack : -1.285
TNS   : -24.415

Type  : Fast 1200mV 0C Model Setup 'CLOCK_50'
Slack : -1.561
TNS   : -16.822

Type  : Fast 1200mV 0C Model Setup 'ClkDividerN:clk_div_1hz|clkOut'
Slack : -1.048
TNS   : -9.693

Type  : Fast 1200mV 0C Model Hold 'ClkDividerN:clk_div_1hz|clkOut'
Slack : 0.182
TNS   : 0.000

Type  : Fast 1200mV 0C Model Hold 'CLOCK_50'
Slack : 0.292
TNS   : 0.000

Type  : Fast 1200mV 0C Model Minimum Pulse Width 'CLOCK_50'
Slack : -3.000
TNS   : -36.952

Type  : Fast 1200mV 0C Model Minimum Pulse Width 'ClkDividerN:clk_div_1hz|clkOut'
Slack : -1.000
TNS   : -19.000

------------------------------------------------------------
